// Jest Snapshot v1, https://goo.gl/fbAQLP

exports[`Should render Edit expense page correctly 1`] = `
<div>
  <ExpenseForm
    expense={
      Object {
        "amount": 2003,
        "createdAt": 345600000,
        "description": "DESC3",
        "id": "3",
        "note": "NOTE3",
      }
    }
    onSubmit={[Function]}
  />
  <button
    onClick={[Function]}
  >
    Remove
  </button>
</div>
`;
